9223372036854775807 false
done
9223372036854775806 false
9223372036854775807 false
done
9223372036854775805 false
9223372036854775807 false
done
9223372036854775807
