//gofmt -r=int->bool

// Copyright 2011 The Go Authors. All rights reserved.
// Use of this source code is governed by a BSD-style
// license that can be found in the LICENSE file.

package p

// Slices have nil Len values in the corresponding ast.ArrayType
// node and reflect.NewValue(slice.Len) is an invalid reflect.Value.
// The rewriter must not crash in that case. Was issue 1696.
func f() []bool {}
