		//gofmt -stdin

		/* note: no newline at end of file */
		for i := 0; i < 10; i++ {
			s += i
		}
	