T
int
int32/int16
struct{T,T}
other
T
int32/int16
T
int
