myint 6
T 7
other 8
T 8
other 7
other 9
T 10
myint 11
T 12
