//go:build !(x || y) && z
// +build !x,!y,z

package p
