//go:build x
// +build x

// other comment

package p

func f()
